// Jest Snapshot v1, https://goo.gl/fbAQLP

exports[`should render individual buttons 1`] = `
<div
  className="button-wrapper"
>
  <Button
    buttonEl="7"
    key="7"
    onButtonClick={[Function]}
  />
  <Button
    buttonEl="8"
    key="8"
    onButtonClick={[Function]}
  />
  <Button
    buttonEl="9"
    key="9"
    onButtonClick={[Function]}
  />
  <Button
    buttonEl="+"
    key="+"
    onButtonClick={[Function]}
  />
  <Button
    buttonEl="4"
    key="4"
    onButtonClick={[Function]}
  />
  <Button
    buttonEl="5"
    key="5"
    onButtonClick={[Function]}
  />
  <Button
    buttonEl="6"
    key="6"
    onButtonClick={[Function]}
  />
  <Button
    buttonEl="*"
    key="*"
    onButtonClick={[Function]}
  />
  <Button
    buttonEl="1"
    key="1"
    onButtonClick={[Function]}
  />
  <Button
    buttonEl="2"
    key="2"
    onButtonClick={[Function]}
  />
  <Button
    buttonEl="3"
    key="3"
    onButtonClick={[Function]}
  />
  <Button
    buttonEl="/"
    key="/"
    onButtonClick={[Function]}
  />
  <Button
    buttonEl="."
    key="."
    onButtonClick={[Function]}
  />
  <Button
    buttonEl="0"
    key="0"
    onButtonClick={[Function]}
  />
  <Button
    buttonEl="="
    key="="
    onButtonClick={[Function]}
  />
  <Button
    buttonEl="-"
    key="-"
    onButtonClick={[Function]}
  />
  <Button
    buttonEl="Clear"
    key="Clear"
    onButtonClick={[Function]}
  />
</div>
`;
